RAM Allocation [bytes]
Variable                                                                          Address   Size
------------------------------------------------------------------------------------------------
downState                                                                         0x0189       2
_base_y                                                                           0x018B       4
_lcd_y                                                                            0x018F       1
_lcd_maxx                                                                         0x0190       1
_seed                                                                             0x0191       4

EEPROM Allocation [bytes]
Variable                                                                          Address   Size
------------------------------------------------------------------------------------------------

Register Allocation
Variable                                                                          Register  Size
------------------------------------------------------------------------------------------------
adc_data                                                                          R4,R5        2
Vol                                                                               R7           1
NewState                                                                          R8,R9        2
OldState                                                                          R10,R11      2
upState                                                                           R12,R13      2
_lcd_x                                                                            R6           1

FLASH Allocation [words]
Function                                                                          Address   Size
------------------------------------------------------------------------------------------------
adc_isr                                                                           0x00126     17
encoder                                                                           0x00137     79
MSCS_com_veryfy                                                                   0x00186     25
main                                                                              0x0019F    347
MSCS_delay                                                                        0x002FA      3
mosi                                                                              0x002FD      8
clk                                                                               0x00305      8
miso                                                                              0x0030D      9
MSCS_com                                                                          0x00316     75
MSCS_init                                                                         0x00361      7
put_buff_G100                                                                     0x00368     45
_ftoe_G100                                                                        0x00395    145
_print_G100                                                                       0x00426    462
sprintf                                                                           0x005F4     41
_lcd_write_nibble_G101                                                            0x0061D     14
_lcd_write_data                                                                   0x0062B     13
lcd_gotoxy                                                                        0x00638     15
lcd_clear                                                                         0x00647     15
lcd_putchar                                                                       0x00656     26
lcd_puts                                                                          0x00670     16
lcd_init                                                                          0x00680     42
strcpyf                                                                           0x006AA     12
strlen                                                                            0x006B6     11
strlenf                                                                           0x006C1     12
ftrunc                                                                            0x006CD     48
floor                                                                             0x006FD     16
ftoa                                                                              0x0070D    135
