RAM Allocation [bytes]
Variable                                                                          Address   Size
------------------------------------------------------------------------------------------------
downState                                                                         0x01AB       2
_base_y                                                                           0x01AD       4
_lcd_y                                                                            0x01B1       1
_lcd_maxx                                                                         0x01B2       1

EEPROM Allocation [bytes]
Variable                                                                          Address   Size
------------------------------------------------------------------------------------------------

Register Allocation
Variable                                                                          Register  Size
------------------------------------------------------------------------------------------------
adc_data                                                                          R4,R5        2
Vol                                                                               R7           1
NewState                                                                          R8,R9        2
OldState                                                                          R10,R11      2
upState                                                                           R12,R13      2
_lcd_x                                                                            R6           1

FLASH Allocation [words]
Function                                                                          Address   Size
------------------------------------------------------------------------------------------------
adc_isr                                                                           0x00168     17
timer1_compa_isr                                                                  0x00179     10
timer1_compb_isr                                                                  0x00183     15
encoder                                                                           0x00192     79
MSCS_com_veryfy                                                                   0x001E1     26
main                                                                              0x001FB    451
MSCS_delay                                                                        0x003BE      3
mosi                                                                              0x003C1      8
clk                                                                               0x003C9      8
miso                                                                              0x003D1      9
MSCS_com                                                                          0x003DA     76
MSCS_init                                                                         0x00426      7
put_buff_G100                                                                     0x0042D     45
_print_G100                                                                       0x0045A    283
sprintf                                                                           0x00575     41
_lcd_write_nibble_G101                                                            0x0059E     31
_lcd_write_data                                                                   0x005BD     13
lcd_gotoxy                                                                        0x005CA     15
lcd_clear                                                                         0x005D9     15
lcd_putchar                                                                       0x005E8     26
lcd_puts                                                                          0x00602     16
lcd_init                                                                          0x00612     43
strlen                                                                            0x0063D     11
strlenf                                                                           0x00648     12
