RAM Allocation [bytes]
Variable                                                                          Address   Size
------------------------------------------------------------------------------------------------
downState                                                                         0x019A       2
_base_y                                                                           0x019C       4
_lcd_y                                                                            0x01A0       1
_lcd_maxx                                                                         0x01A1       1

EEPROM Allocation [bytes]
Variable                                                                          Address   Size
------------------------------------------------------------------------------------------------

Register Allocation
Variable                                                                          Register  Size
------------------------------------------------------------------------------------------------
adc_data                                                                          R4,R5        2
Vol                                                                               R7           1
NewState                                                                          R8,R9        2
OldState                                                                          R10,R11      2
upState                                                                           R12,R13      2
_lcd_x                                                                            R6           1

FLASH Allocation [words]
Function                                                                          Address   Size
------------------------------------------------------------------------------------------------
adc_isr                                                                           0x0016F     17
timer1_compa_isr                                                                  0x00180     10
timer1_compb_isr                                                                  0x0018A     15
encoder                                                                           0x00199     79
MSCS_com_veryfy                                                                   0x001E8     26
main                                                                              0x00202    454
MSCS_delay                                                                        0x003C8      3
mosi                                                                              0x003CB      8
clk                                                                               0x003D3      8
miso                                                                              0x003DB      9
MSCS_com                                                                          0x003E4     76
MSCS_init                                                                         0x00430      7
put_buff_G100                                                                     0x00437     45
_print_G100                                                                       0x00464    283
sprintf                                                                           0x0057F     41
_lcd_write_nibble_G101                                                            0x005A8     31
_lcd_write_data                                                                   0x005C7     13
lcd_gotoxy                                                                        0x005D4     15
lcd_clear                                                                         0x005E3     15
lcd_putchar                                                                       0x005F2     26
lcd_puts                                                                          0x0060C     16
lcd_init                                                                          0x0061C     43
strlen                                                                            0x00647     11
strlenf                                                                           0x00652     12
