RAM Allocation [bytes]
Variable                                                                          Address   Size
------------------------------------------------------------------------------------------------
lcd_buf                                                                           0x0507      18
lcd_control                                                                       0x0519       1
lcd_key                                                                           0x051A       4
glcd_state                                                                        0x051E      29
st7920_graphics_on                                                                0x053B       1
st7920_bits8_15                                                                   0x053C       1
xt                                                                                0x053D       1
yt                                                                                0x053E       1
_seed                                                                             0x053F       4

EEPROM Allocation [bytes]
Variable                                                                          Address   Size
------------------------------------------------------------------------------------------------

Register Allocation
Variable                                                                          Register  Size
------------------------------------------------------------------------------------------------

FLASH Allocation [words]
Function                                                                          Address   Size
------------------------------------------------------------------------------------------------
main                                                                              0x001EA    118
portsInit                                                                         0x00260      8
BusPause_G001                                                                     0x00268      4
BusOutH2L                                                                         0x0026C     26
lc75853n_set_bit                                                                  0x00286     58
send_lcd_bufer                                                                    0x002C0     47
lc75853n_init                                                                     0x002EF      6
st7920_delay_G101                                                                 0x002F5      4
st7920_wrbus_G101                                                                 0x002F9     27
st7920_rdbus_G101                                                                 0x00314     20
st7920_busy_G101                                                                  0x00328     26
st7920_wrdata                                                                     0x00342      6
st7920_rddata                                                                     0x00348      4
st7920_wrcmd                                                                      0x0034C      5
st7920_setxy_G101                                                                 0x00351     20
glcd_display                                                                      0x00365     25
glcd_cleargraphics                                                                0x0037E     38
glcd_init                                                                         0x003A4    156
st7920_rdbyte_G101                                                                0x00440     16
st7920_wrbyte_G101                                                                0x00450     16
st7920_wrmasked_G101                                                              0x00460     73
glcd_block                                                                        0x004A9    445
glcd_putcharcg                                                                    0x00666     44
glcd_clipx                                                                        0x00692     18
glcd_clipy                                                                        0x006A4     18
glcd_getcharw_G102                                                                0x006B6    120
glcd_new_line_G102                                                                0x0072E     19
glcd_putchar                                                                      0x00741    149
glcd_outtextxy                                                                    0x007D6     20
glcd_moveto                                                                       0x007EA     11
memset                                                                            0x007F5     16
glcd_getmask                                                                      0x00805     11
glcd_mappixcolor1bit                                                              0x00810     40
glcd_readmem                                                                      0x00838     31
glcd_writemem                                                                     0x00857     31
glcd_revbits                                                                      0x00876     19
