RAM Allocation [bytes]
Variable                                                                          Address   Size
------------------------------------------------------------------------------------------------
lcd_buf                                                                           0x0507      18
lcd_control                                                                       0x0519       1
lcd_key                                                                           0x051A       4
glcd_state                                                                        0x051E      29
st7920_graphics_on                                                                0x053B       1
st7920_bits8_15                                                                   0x053C       1
xt                                                                                0x053D       1
yt                                                                                0x053E       1
_seed                                                                             0x053F       4

EEPROM Allocation [bytes]
Variable                                                                          Address   Size
------------------------------------------------------------------------------------------------

Register Allocation
Variable                                                                          Register  Size
------------------------------------------------------------------------------------------------

FLASH Allocation [words]
Function                                                                          Address   Size
------------------------------------------------------------------------------------------------
main                                                                              0x001F1    168
portsInit                                                                         0x00299      8
BusPause_G001                                                                     0x002A1      4
BusStrob_G001                                                                     0x002A5      4
BusOutL2H                                                                         0x002BD     25
BusInH2L                                                                          0x002D6     23
lc75853n_key_scan                                                                 0x002ED     23
lc75853n_set_bit                                                                  0x00304     54
lc75853n_clr_bit                                                                  0x0033A     58
send_lcd_bufer                                                                    0x00374     47
lc75853n_init                                                                     0x003A3      6
put_buff_G100                                                                     0x003A9     58
_ftoe_G100                                                                        0x003E3    207
_print_G100                                                                       0x004B2    538
sprintf                                                                           0x006CC     52
st7920_delay_G101                                                                 0x00700      4
st7920_wrbus_G101                                                                 0x00704     27
st7920_rdbus_G101                                                                 0x0071F     20
st7920_busy_G101                                                                  0x00733     26
st7920_wrdata                                                                     0x0074D      6
st7920_rddata                                                                     0x00753      4
st7920_wrcmd                                                                      0x00757      5
st7920_setxy_G101                                                                 0x0075C     20
glcd_display                                                                      0x00770     25
glcd_cleargraphics                                                                0x00789     38
glcd_init                                                                         0x007AF    156
st7920_rdbyte_G101                                                                0x0084B     16
st7920_wrbyte_G101                                                                0x0085B     16
st7920_wrmasked_G101                                                              0x0086B     73
glcd_block                                                                        0x008B4    445
glcd_putcharcg                                                                    0x00A71     44
glcd_clipx                                                                        0x00A9D     21
glcd_clipy                                                                        0x00AB2     21
glcd_getcharw_G102                                                                0x00AC7    120
glcd_new_line_G102                                                                0x00B3F     19
glcd_putchar                                                                      0x00B52    149
glcd_outtextxy                                                                    0x00BE7     20
glcd_moveto                                                                       0x00BFB     12
memset                                                                            0x00C07     16
strcpyf                                                                           0x00C17     13
strlen                                                                            0x00C24     12
strlenf                                                                           0x00C30     13
ftrunc                                                                            0x00C3D     49
floor                                                                             0x00C6E     22
ftoa                                                                              0x00C84    192
glcd_getmask                                                                      0x00D44     11
glcd_mappixcolor1bit                                                              0x00D4F     40
glcd_readmem                                                                      0x00D77     31
glcd_writemem                                                                     0x00D96     31
glcd_revbits                                                                      0x00DB5     19

FLASH Allocation [words]
Function                                                                          Address   Size
------------------------------------------------------------------------------------------------
main                                                                              0x001F1    168
portsInit                                                                         0x00299      8
BusPause_G001                                                                     0x002A1      4
BusStrob_G001                                                                     0x002A5      4
BusOutL2H                                                                         0x002BD     25
BusInH2L                                                                          0x002D6     23
lc75853n_key_scan                                                                 0x002ED     23
lc75853n_set_bit                                                                  0x00304     54
lc75853n_clr_bit                                                                  0x0033A     58
send_lcd_bufer                                                                    0x00374     47
lc75853n_init                                                                     0x003A3      6
put_buff_G100                                                                     0x003A9     58
_ftoe_G100                                                                        0x003E3    207
_print_G100                                                                       0x004B2    538
sprintf                                                                           0x006CC     52
st7920_delay_G101                                                                 0x00700      4
st7920_wrbus_G101                                                                 0x00704     27
st7920_rdbus_G101                                                                 0x0071F     20
st7920_busy_G101                                                                  0x00733     26
st7920_wrdata                                                                     0x0074D      6
st7920_rddata                                                                     0x00753      4
st7920_wrcmd                                                                      0x00757      5
st7920_setxy_G101                                                                 0x0075C     20
glcd_display                                                                      0x00770     25
glcd_cleargraphics                                                                0x00789     38
glcd_init                                                                         0x007AF    156
st7920_rdbyte_G101                                                                0x0084B     16
st7920_wrbyte_G101                                                                0x0085B     16
st7920_wrmasked_G101                                                              0x0086B     73
glcd_block                                                                        0x008B4    445
glcd_putcharcg                                                                    0x00A71     44
glcd_clipx                                                                        0x00A9D     21
glcd_clipy                                                                        0x00AB2     21
glcd_getcharw_G102                                                                0x00AC7    120
glcd_new_line_G102                                                                0x00B3F     19
glcd_putchar                                                                      0x00B52    149
glcd_outtextxy                                                                    0x00BE7     20
glcd_moveto                                                                       0x00BFB     12
memset                                                                            0x00C07     16
strcpyf                                                                           0x00C17     13
strlen                                                                            0x00C24     12
strlenf                                                                           0x00C30     13
ftrunc                                                                            0x00C3D     49
floor                                                                             0x00C6E     22
ftoa                                                                              0x00C84    192
glcd_getmask                                                                      0x00D44     11
glcd_mappixcolor1bit                                                              0x00D4F     40
glcd_readmem                                                                      0x00D77     31
glcd_writemem                                                                     0x00D96     31
glcd_revbits                                                                      0x00DB5     19

FLASH Allocation [words]
Function                                                                          Address   Size
------------------------------------------------------------------------------------------------
main                                                                              0x001F1    168
portsInit                                                                         0x00299      8
BusPause_G001                                                                     0x002A1      4
BusStrob_G001                                                                     0x002A5      4
BusOutL2H                                                                         0x002BD     25
BusInH2L                                                                          0x002D6     23
lc75853n_key_scan                                                                 0x002ED     23
lc75853n_set_bit                                                                  0x00304     54
lc75853n_clr_bit                                                                  0x0033A     58
send_lcd_bufer                                                                    0x00374     47
lc75853n_init                                                                     0x003A3      6
put_buff_G100                                                                     0x003A9     58
_ftoe_G100                                                                        0x003E3    207
_print_G100                                                                       0x004B2    538
sprintf                                                                           0x006CC     52
st7920_delay_G101                                                                 0x00700      4
st7920_wrbus_G101                                                                 0x00704     27
st7920_rdbus_G101                                                                 0x0071F     20
st7920_busy_G101                                                                  0x00733     26
st7920_wrdata                                                                     0x0074D      6
st7920_rddata                                                                     0x00753      4
st7920_wrcmd                                                                      0x00757      5
st7920_setxy_G101                                                                 0x0075C     20
glcd_display                                                                      0x00770     25
glcd_cleargraphics                                                                0x00789     38
glcd_init                                                                         0x007AF    156
st7920_rdbyte_G101                                                                0x0084B     16
st7920_wrbyte_G101                                                                0x0085B     16
st7920_wrmasked_G101                                                              0x0086B     73
glcd_block                                                                        0x008B4    445
glcd_putcharcg                                                                    0x00A71     44
glcd_clipx                                                                        0x00A9D     21
glcd_clipy                                                                        0x00AB2     21
glcd_getcharw_G102                                                                0x00AC7    120
glcd_new_line_G102                                                                0x00B3F     19
glcd_putchar                                                                      0x00B52    149
glcd_outtextxy                                                                    0x00BE7     20
glcd_moveto                                                                       0x00BFB     12
memset                                                                            0x00C07     16
strcpyf                                                                           0x00C17     13
strlen                                                                            0x00C24     12
strlenf                                                                           0x00C30     13
ftrunc                                                                            0x00C3D     49
floor                                                                             0x00C6E     22
ftoa                                                                              0x00C84    192
glcd_getmask                                                                      0x00D44     11
glcd_mappixcolor1bit                                                              0x00D4F     40
glcd_readmem                                                                      0x00D77     31
glcd_writemem                                                                     0x00D96     31
glcd_revbits                                                                      0x00DB5     19
