RAM Allocation [bytes]
Variable                                                                          Address   Size
------------------------------------------------------------------------------------------------
lcd_buf                                                                           0x0507      20
glcd_state                                                                        0x051B      29
st7920_graphics_on                                                                0x0538       1
st7920_bits8_15                                                                   0x0539       1
xt                                                                                0x053A       1
yt                                                                                0x053B       1
_seed                                                                             0x053C       4

EEPROM Allocation [bytes]
Variable                                                                          Address   Size
------------------------------------------------------------------------------------------------

Register Allocation
Variable                                                                          Register  Size
------------------------------------------------------------------------------------------------

FLASH Allocation [words]
Function                                                                          Address   Size
------------------------------------------------------------------------------------------------
main                                                                              0x001E8    148
portsInit                                                                         0x0027C      8
BusPause_G001                                                                     0x00284      4
BusOutH2L                                                                         0x00288     26
ct6523_set_bit                                                                    0x002A2     23
ct6523_clr_bit                                                                    0x002B9     29
send_lcd_bufer                                                                    0x002D6     22
ct6523_init                                                                       0x002EC      2
put_buff_G100                                                                     0x002EE     58
_ftoe_G100                                                                        0x00328    207
_print_G100                                                                       0x003F7    538
sprintf                                                                           0x00611     52
st7920_delay_G101                                                                 0x00645      4
st7920_wrbus_G101                                                                 0x00649     27
st7920_rdbus_G101                                                                 0x00664     20
st7920_busy_G101                                                                  0x00678     26
st7920_wrdata                                                                     0x00692      6
st7920_rddata                                                                     0x00698      4
st7920_wrcmd                                                                      0x0069C      5
st7920_setxy_G101                                                                 0x006A1     20
glcd_display                                                                      0x006B5     25
glcd_cleargraphics                                                                0x006CE     38
glcd_init                                                                         0x006F4    156
st7920_rdbyte_G101                                                                0x00790     16
st7920_wrbyte_G101                                                                0x007A0     16
st7920_wrmasked_G101                                                              0x007B0     73
glcd_block                                                                        0x007F9    445
glcd_putcharcg                                                                    0x009B6     44
glcd_clipx                                                                        0x009E2     21
glcd_clipy                                                                        0x009F7     21
glcd_getcharw_G102                                                                0x00A0C    120
glcd_new_line_G102                                                                0x00A84     19
glcd_putchar                                                                      0x00A97    149
glcd_outtextxy                                                                    0x00B2C     20
glcd_moveto                                                                       0x00B40     12
memset                                                                            0x00B4C     16
strcpyf                                                                           0x00B5C     13
strlen                                                                            0x00B69     12
strlenf                                                                           0x00B75     13
ftrunc                                                                            0x00B82     49
floor                                                                             0x00BB3     22
ftoa                                                                              0x00BC9    192
glcd_getmask                                                                      0x00C89     11
glcd_mappixcolor1bit                                                              0x00C94     40
glcd_readmem                                                                      0x00CBC     31
glcd_writemem                                                                     0x00CDB     31
glcd_revbits                                                                      0x00CFA     19
